19:51:45 **** Incremental Build of configuration Debug for project test4 ****
make -j12 all 
arm-none-eabi-gcc "../Src/main.c" -mcpu=cortex-m4 -std=gnu11 -g3 -DDEBUG -DNUCLEO_F401RE -DSTM32 -DSTM32F401RETx -DSTM32F4 -c -I../Inc -O0 -ffunction-sections -fdata-sections -Wall -fstack-usage -MMD -MP -MF"Src/main.d" -MT"Src/main.o" --specs=nano.specs -mfpu=fpv4-sp-d16 -mfloat-abi=hard -mthumb -o "Src/main.o"
arm-none-eabi-gcc -o "test4.elf" @"objects.list"   -mcpu=cortex-m4 -T"E:\STM32CubeIDE\ttcs_nhom1\test4\STM32F401RETX_FLASH.ld" --specs=nosys.specs -Wl,-Map="test4.map" -Wl,--gc-sections -static --specs=nano.specs -mfpu=fpv4-sp-d16 -mfloat-abi=hard -mthumb -Wl,--start-group -lc -lm -Wl,--end-group
Finished building target: test4.elf
 
arm-none-eabi-size   test4.elf 
arm-none-eabi-objdump -h -S  test4.elf  > "test4.list"
arm-none-eabi-objcopy  -O binary  test4.elf  "test4.bin"
   text	   data	    bss	    dec	    hex	filename
    820	      8	   1568	   2396	    95c	test4.elf
Finished building: default.size.stdout
 
Finished building: test4.list
 
Finished building: test4.bin
 

19:51:47 Build Finished. 0 errors, 0 warnings. (took 1s.720ms)

